[21-Jan-2026 05:08:07 UTC] PHP Parse error:  syntax error, unexpected token "}", expecting "," or ";" in C:\xampp\htdocs\training\wp-content\themes\hello-elementor-child\functions.php on line 1148
[21-Jan-2026 05:08:14 UTC] PHP Parse error:  syntax error, unexpected token "}", expecting "," or ";" in C:\xampp\htdocs\training\wp-content\themes\hello-elementor-child\functions.php on line 1148
[21-Jan-2026 05:18:35 UTC] PHP Parse error:  syntax error, unexpected token "}", expecting "," or ";" in C:\xampp\htdocs\training\wp-content\themes\hello-elementor-child\functions.php on line 1148
[21-Jan-2026 05:18:58 UTC] PHP Parse error:  syntax error, unexpected token "}", expecting "," or ";" in C:\xampp\htdocs\training\wp-content\themes\hello-elementor-child\functions.php on line 1148
[21-Jan-2026 05:21:23 UTC] PHP Parse error:  syntax error, unexpected token "}", expecting "," or ";" in C:\xampp\htdocs\training\wp-content\themes\hello-elementor-child\functions.php on line 1148
[21-Jan-2026 05:22:31 UTC] PHP Parse error:  syntax error, unexpected token "}", expecting "," or ";" in C:\xampp\htdocs\training\wp-content\themes\hello-elementor-child\functions.php on line 1148
[21-Jan-2026 05:22:31 UTC] PHP Parse error:  syntax error, unexpected token "}", expecting "," or ";" in C:\xampp\htdocs\training\wp-content\themes\hello-elementor-child\functions.php on line 1148
[21-Jan-2026 05:23:14 UTC] PHP Parse error:  syntax error, unexpected token "}", expecting "," or ";" in C:\xampp\htdocs\training\wp-content\themes\hello-elementor-child\functions.php on line 1148
[21-Jan-2026 05:23:32 UTC] PHP Parse error:  syntax error, unexpected token "}", expecting "," or ";" in C:\xampp\htdocs\training\wp-content\themes\hello-elementor-child\functions.php on line 1148
[21-Jan-2026 05:24:31 UTC] PHP Parse error:  syntax error, unexpected token "}", expecting "," or ";" in C:\xampp\htdocs\training\wp-content\themes\hello-elementor-child\functions.php on line 1148
[21-Jan-2026 05:36:35 UTC] PHP Warning:  mysqli_real_connect(): (HY000/1045): Access denied for user ''@'localhost' (using password: NO) in C:\xampp\htdocs\training\wp-includes\class-wpdb.php on line 1994
[21-Jan-2026 05:36:40 UTC] PHP Warning:  mysqli_real_connect(): (HY000/1045): Access denied for user ''@'localhost' (using password: NO) in C:\xampp\htdocs\training\wp-includes\class-wpdb.php on line 1994
[21-Jan-2026 05:36:41 UTC] PHP Warning:  mysqli_real_connect(): (HY000/1045): Access denied for user ''@'localhost' (using password: NO) in C:\xampp\htdocs\training\wp-includes\class-wpdb.php on line 1994
[21-Jan-2026 05:36:46 UTC] PHP Warning:  mysqli_real_connect(): (HY000/1045): Access denied for user 'root'@'localhost' (using password: YES) in C:\xampp\htdocs\training\wp-includes\class-wpdb.php on line 1994
[21-Jan-2026 05:36:46 UTC] PHP Warning:  mysqli_real_connect(): (HY000/1045): Access denied for user 'root'@'localhost' (using password: YES) in C:\xampp\htdocs\training\wp-includes\class-wpdb.php on line 1994
[21-Jan-2026 05:40:45 UTC] Automatic updates starting...
[21-Jan-2026 05:40:45 UTC] Automatic updates complete.
[22-Jan-2026 07:27:54 UTC] Automatic updates starting...
[22-Jan-2026 07:27:56 UTC]   Automatic theme updates starting...
[22-Jan-2026 07:27:56 UTC]   Automatic theme updates complete.
[22-Jan-2026 07:27:56 UTC] Automatic updates complete.
[23-Apr-2026 11:45:56 UTC] Automatic updates starting...
[23-Apr-2026 11:45:59 UTC]   Automatic plugin updates starting...
[23-Apr-2026 11:45:59 UTC]   Automatic plugin updates complete.
[23-Apr-2026 11:46:00 UTC]   Automatic theme updates starting...
[23-Apr-2026 11:46:00 UTC]   Automatic theme updates complete.
[23-Apr-2026 11:46:00 UTC] Automatic updates complete.
[23-Apr-2026 11:53:48 UTC] PHP Warning:  Undefined array key "wp_user_id" in C:\xampp\htdocs\training\wp-content\plugins\bookit\includes\classes\admin\StaffController.php on line 303
[23-Apr-2026 11:56:40 UTC] PHP Warning:  Attempt to read property "id" on null in C:\xampp\htdocs\training\wp-content\plugins\bookit\includes\classes\database\Appointments.php on line 145
[23-Apr-2026 11:56:42 UTC] PHP Warning:  Attempt to read property "id" on null in C:\xampp\htdocs\training\wp-content\plugins\bookit\includes\classes\database\Appointments.php on line 145
[24-Apr-2026 09:32:07 UTC] Automatic updates starting...
[24-Apr-2026 09:32:07 UTC]   Automatic plugin updates starting...
[24-Apr-2026 09:32:07 UTC]   Automatic plugin updates complete.
[24-Apr-2026 09:32:08 UTC]   Automatic theme updates starting...
[24-Apr-2026 09:32:08 UTC]   Automatic theme updates complete.
[24-Apr-2026 09:32:08 UTC] Automatic updates complete.
[24-Apr-2026 09:53:30 UTC] PHP Warning:  Undefined array key "customer" in C:\xampp\htdocs\training\wp-content\plugins\bookit\includes\classes\Notifications.php on line 298
[24-Apr-2026 09:53:30 UTC] PHP Warning:  Undefined array key "staff" in C:\xampp\htdocs\training\wp-content\plugins\bookit\includes\classes\Notifications.php on line 302
[29-Apr-2026 10:13:53 UTC] PHP Notice:  Function WP_Scripts::add was called <strong>incorrectly</strong>. The script with the handle "elementor-ai-media-library" was enqueued with dependencies that are not registered: elementor-v2-ui, elementor-v2-icons. Please see <a href="https://developer.wordpress.org/advanced-administration/debug/debug-wordpress/">Debugging in WordPress</a> for more information. (This message was added in version 6.9.1.) in C:\xampp\htdocs\training\wp-includes\functions.php on line 6131
[29-Apr-2026 11:08:34 UTC] Cron reschedule event error for hook: affiliatepress_payout_hourly_event, Error code: invalid_schedule, Error message: Event schedule does not exist., Data: {"schedule":"affiliatepress_every_hour","args":[],"interval":3600}
[30-Apr-2026 04:05:52 UTC] Automatic updates starting...
[30-Apr-2026 04:06:00 UTC]   Automatic plugin updates starting...
[30-Apr-2026 04:06:00 UTC]   Automatic plugin updates complete.
[30-Apr-2026 04:06:01 UTC]   Automatic theme updates starting...
[30-Apr-2026 04:06:01 UTC]   Automatic theme updates complete.
[30-Apr-2026 04:06:01 UTC] Automatic updates complete.
[30-Apr-2026 05:42:42 UTC] Automatic updates starting...
[30-Apr-2026 05:42:42 UTC]   Automatic plugin updates starting...
[30-Apr-2026 05:42:42 UTC]   Automatic plugin updates complete.
[30-Apr-2026 05:42:42 UTC]   Automatic theme updates starting...
[30-Apr-2026 05:42:42 UTC]   Automatic theme updates complete.
[30-Apr-2026 05:42:42 UTC] Automatic updates complete.
[01-May-2026 03:43:32 UTC] Automatic updates starting...
[01-May-2026 03:43:34 UTC]   Automatic plugin updates starting...
[01-May-2026 03:43:34 UTC]   Automatic plugin updates complete.
[01-May-2026 03:43:35 UTC]   Automatic theme updates starting...
[01-May-2026 03:43:35 UTC]   Automatic theme updates complete.
[01-May-2026 03:43:35 UTC] Automatic updates complete.
[04-May-2026 04:22:06 UTC] Automatic updates starting...
[04-May-2026 04:22:08 UTC]   Automatic plugin updates starting...
[04-May-2026 04:22:08 UTC]   Automatic plugin updates complete.
[04-May-2026 04:22:09 UTC]   Automatic theme updates starting...
[04-May-2026 04:22:09 UTC]   Automatic theme updates complete.
[04-May-2026 04:22:09 UTC] Automatic updates complete.
[18-May-2026 11:21:44 UTC] PHP Fatal error:  Maximum execution time of 120 seconds exceeded in C:\xampp\htdocs\training\wp-content\plugins\essential-addons-for-elementor-lite\includes\Template\Woocommerce\Cart\Woo_Cart_Helper.php on line 7
[18-May-2026 11:21:57 UTC] Automatic updates starting...
[18-May-2026 11:21:59 UTC]   Automatic plugin updates starting...
[18-May-2026 11:21:59 UTC]   Automatic plugin updates complete.
[18-May-2026 11:22:00 UTC]   Automatic theme updates starting...
[18-May-2026 11:22:00 UTC]   Automatic theme updates complete.
[18-May-2026 11:22:00 UTC] Automatic updates complete.
[18-May-2026 11:25:01 UTC] PHP Warning:  file_get_contents(C:\xampp\htdocs\training/wp-content/plugins/essential-addons-for-elementor-lite1/essential_adons_elementor.php): Failed to open stream: No such file or directory in C:\xampp\htdocs\training\wp-includes\functions.php on line 6910
[18-May-2026 11:25:02 UTC] PHP Warning:  file_get_contents(C:\xampp\htdocs\training/wp-content/plugins/essential-addons-for-elementor-lite1/essential_adons_elementor.php): Failed to open stream: No such file or directory in C:\xampp\htdocs\training\wp-includes\functions.php on line 6910
[26-May-2026 09:10:48 UTC] Automatic updates starting...
[26-May-2026 09:10:50 UTC]   Automatic plugin updates starting...
[26-May-2026 09:10:50 UTC]   Automatic plugin updates complete.
[26-May-2026 09:10:51 UTC]   Automatic theme updates starting...
[26-May-2026 09:10:51 UTC]   Automatic theme updates complete.
[26-May-2026 09:10:51 UTC] Automatic updates complete.
